{"timestamp": "2026-06-01 16:10:24,111", "level": "INFO", "logger": "runtime.worker", "message": "worker w0: downstream closed", "trace_id": "-", "group_id": "-"}
{"timestamp": "2026-06-01 16:10:24,112", "level": "INFO", "logger": "skills.watcher", "message": "SkillWatcher stopped", "trace_id": "-", "group_id": "-"}
{"timestamp": "2026-06-01 16:20:43,572", "level": "INFO", "logger": "runtime.worker", "message": "worker w0: downstream closed", "trace_id": "-", "group_id": "-"}
{"timestamp": "2026-06-01 16:20:43,576", "level": "INFO", "logger": "skills.watcher", "message": "SkillWatcher stopped", "trace_id": "-", "group_id": "-"}
{"timestamp": "2026-06-01 16:21:00,543", "level": "INFO", "logger": "runtime.worker", "message": "worker w0: downstream closed", "trace_id": "-", "group_id": "-"}
{"timestamp": "2026-06-01 16:21:00,545", "level": "INFO", "logger": "skills.watcher", "message": "SkillWatcher stopped", "trace_id": "-", "group_id": "-"}
{"timestamp": "2026-06-01 16:21:22,332", "level": "INFO", "logger": "runtime.worker", "message": "worker w0: downstream closed", "trace_id": "-", "group_id": "-"}
{"timestamp": "2026-06-01 16:21:22,334", "level": "INFO", "logger": "skills.watcher", "message": "SkillWatcher stopped", "trace_id": "-", "group_id": "-"}
{"timestamp": "2026-06-01 16:36:24,464", "level": "INFO", "logger": "runtime.worker", "message": "worker w0: downstream closed", "trace_id": "-", "group_id": "-"}
{"timestamp": "2026-06-01 16:36:24,470", "level": "INFO", "logger": "skills.watcher", "message": "SkillWatcher stopped", "trace_id": "-", "group_id": "-"}
{"timestamp": "2026-06-01 16:42:37,236", "level": "INFO", "logger": "runtime.worker", "message": "worker w0: downstream closed", "trace_id": "-", "group_id": "-"}
{"timestamp": "2026-06-01 16:42:37,243", "level": "INFO", "logger": "skills.watcher", "message": "SkillWatcher stopped", "trace_id": "-", "group_id": "-"}
{"timestamp": "2026-06-01 16:44:06,368", "level": "INFO", "logger": "runtime.worker", "message": "worker w0: downstream closed", "trace_id": "-", "group_id": "-"}
{"timestamp": "2026-06-01 16:44:06,372", "level": "INFO", "logger": "skills.watcher", "message": "SkillWatcher stopped", "trace_id": "-", "group_id": "-"}
{"timestamp": "2026-06-01 16:58:13,360", "level": "INFO", "logger": "runtime.worker", "message": "worker w0: downstream closed", "trace_id": "-", "group_id": "-"}
{"timestamp": "2026-06-01 16:58:13,364", "level": "INFO", "logger": "skills.watcher", "message": "SkillWatcher stopped", "trace_id": "-", "group_id": "-"}
{"timestamp": "2026-06-01 16:59:25,919", "level": "INFO", "logger": "runtime.worker", "message": "worker w0: downstream closed", "trace_id": "-", "group_id": "-"}
{"timestamp": "2026-06-01 16:59:25,924", "level": "INFO", "logger": "skills.watcher", "message": "SkillWatcher stopped", "trace_id": "-", "group_id": "-"}
{"timestamp": "2026-06-01 17:03:44,000", "level": "INFO", "logger": "runtime.worker", "message": "worker w0: downstream closed", "trace_id": "-", "group_id": "-"}
{"timestamp": "2026-06-01 17:03:44,005", "level": "INFO", "logger": "skills.watcher", "message": "SkillWatcher stopped", "trace_id": "-", "group_id": "-"}
{"timestamp": "2026-06-01 17:04:36,522", "level": "INFO", "logger": "runtime.worker", "message": "worker w0: downstream closed", "trace_id": "-", "group_id": "-"}
{"timestamp": "2026-06-01 17:04:36,526", "level": "INFO", "logger": "skills.watcher", "message": "SkillWatcher stopped", "trace_id": "-", "group_id": "-"}
{"timestamp": "2026-06-01 17:49:42,799", "level": "INFO", "logger": "runtime.worker", "message": "worker w0: downstream closed", "trace_id": "-", "group_id": "-"}
{"timestamp": "2026-06-01 17:49:42,805", "level": "INFO", "logger": "skills.watcher", "message": "SkillWatcher stopped", "trace_id": "-", "group_id": "-"}
{"timestamp": "2026-06-01 17:59:09,188", "level": "INFO", "logger": "runtime.worker", "message": "worker w0: downstream closed", "trace_id": "-", "group_id": "-"}
{"timestamp": "2026-06-01 17:59:09,193", "level": "INFO", "logger": "skills.watcher", "message": "SkillWatcher stopped", "trace_id": "-", "group_id": "-"}
{"timestamp": "2026-06-01 17:59:30,144", "level": "INFO", "logger": "runtime.worker", "message": "worker w0: downstream closed", "trace_id": "-", "group_id": "-"}
{"timestamp": "2026-06-01 17:59:30,148", "level": "INFO", "logger": "skills.watcher", "message": "SkillWatcher stopped", "trace_id": "-", "group_id": "-"}
{"timestamp": "2026-06-01 18:06:36,333", "level": "INFO", "logger": "runtime.worker", "message": "worker w0: downstream closed", "trace_id": "-", "group_id": "-"}
{"timestamp": "2026-06-01 18:06:36,340", "level": "INFO", "logger": "skills.watcher", "message": "SkillWatcher stopped", "trace_id": "-", "group_id": "-"}
{"timestamp": "2026-06-01 18:07:05,886", "level": "INFO", "logger": "runtime.worker", "message": "worker w0: downstream closed", "trace_id": "-", "group_id": "-"}
{"timestamp": "2026-06-01 18:07:05,890", "level": "INFO", "logger": "skills.watcher", "message": "SkillWatcher stopped", "trace_id": "-", "group_id": "-"}
{"timestamp": "2026-06-01 18:41:03,006", "level": "INFO", "logger": "runtime.worker", "message": "worker w0: downstream closed", "trace_id": "-", "group_id": "-"}
{"timestamp": "2026-06-01 18:41:03,015", "level": "INFO", "logger": "skills.watcher", "message": "SkillWatcher stopped", "trace_id": "-", "group_id": "-"}
{"timestamp": "2026-06-01 18:44:36,379", "level": "INFO", "logger": "runtime.worker", "message": "worker w0: downstream closed", "trace_id": "-", "group_id": "-"}
{"timestamp": "2026-06-01 18:44:36,383", "level": "INFO", "logger": "skills.watcher", "message": "SkillWatcher stopped", "trace_id": "-", "group_id": "-"}
{"timestamp": "2026-06-01 18:45:17,333", "level": "INFO", "logger": "runtime.worker", "message": "worker w0: downstream closed", "trace_id": "-", "group_id": "-"}
{"timestamp": "2026-06-01 18:45:17,336", "level": "INFO", "logger": "skills.watcher", "message": "SkillWatcher stopped", "trace_id": "-", "group_id": "-"}
{"timestamp": "2026-06-01 19:39:07,345", "level": "INFO", "logger": "runtime.worker", "message": "worker w0: downstream closed", "trace_id": "-", "group_id": "-"}
{"timestamp": "2026-06-01 19:39:07,351", "level": "INFO", "logger": "skills.watcher", "message": "SkillWatcher stopped", "trace_id": "-", "group_id": "-"}
{"timestamp": "2026-06-01 19:58:00,258", "level": "INFO", "logger": "runtime.worker", "message": "worker w0: downstream closed", "trace_id": "-", "group_id": "-"}
{"timestamp": "2026-06-01 19:58:00,263", "level": "INFO", "logger": "skills.watcher", "message": "SkillWatcher stopped", "trace_id": "-", "group_id": "-"}
{"timestamp": "2026-06-01 20:15:24,027", "level": "INFO", "logger": "runtime.supervisor", "message": "supervisor: worker w0 connected", "trace_id": "-", "group_id": "-"}
{"timestamp": "2026-06-01 20:15:24,042", "level": "INFO", "logger": "runtime.lifecycle", "message": "lifecycle: hydrating group 7", "trace_id": "tr", "group_id": 7}
{"timestamp": "2026-06-01 20:15:24,063", "level": "INFO", "logger": "runtime.supervisor", "message": "supervisor: worker w0 connected", "trace_id": "-", "group_id": "-"}
{"timestamp": "2026-06-01 20:15:24,091", "level": "INFO", "logger": "httpx", "message": "HTTP Request: GET http://test/api/system/status \"HTTP/1.1 200 OK\"", "trace_id": "-", "group_id": "-"}
{"timestamp": "2026-06-01 20:15:24,126", "level": "WARNING", "logger": "skills.traits", "message": "Trait file not found: /Users/Nuke/claudeFolder/nuke-ai-collaborator/backend/workspaces/system/traits/non_existent.md", "trace_id": "-", "group_id": "-"}
{"timestamp": "2026-06-01 20:15:29,295", "level": "INFO", "logger": "core.orchestration.registry", "message": "Registered orchestrator: workflow_v1", "trace_id": "-", "group_id": "-"}
{"timestamp": "2026-06-01 20:15:29,295", "level": "INFO", "logger": "core.orchestration.registry", "message": "Registered orchestrator: round_robin_v1", "trace_id": "-", "group_id": "-"}
{"timestamp": "2026-06-01 20:15:35,240", "level": "INFO", "logger": "runtime.worker", "message": "worker w0: downstream closed", "trace_id": "-", "group_id": "-"}
{"timestamp": "2026-06-01 20:15:35,243", "level": "INFO", "logger": "skills.watcher", "message": "SkillWatcher stopped", "trace_id": "-", "group_id": "-"}
{"timestamp": "2026-06-01 20:15:37,184", "level": "INFO", "logger": "skills.watcher", "message": "SkillWatcher stopped", "trace_id": "-", "group_id": "-"}
{"timestamp": "2026-06-01 20:15:48,071", "level": "INFO", "logger": "runtime.worker", "message": "worker w0: downstream closed", "trace_id": "-", "group_id": "-"}
{"timestamp": "2026-06-01 20:15:48,072", "level": "INFO", "logger": "skills.watcher", "message": "SkillWatcher stopped", "trace_id": "-", "group_id": "-"}
{"timestamp": "2026-06-01 20:15:51,947", "level": "INFO", "logger": "runtime.worker", "message": "worker w0: downstream closed", "trace_id": "-", "group_id": "-"}
{"timestamp": "2026-06-01 20:15:51,949", "level": "INFO", "logger": "skills.watcher", "message": "SkillWatcher stopped", "trace_id": "-", "group_id": "-"}
{"timestamp": "2026-06-01 20:15:55,705", "level": "INFO", "logger": "runtime.worker", "message": "worker w0: downstream closed", "trace_id": "-", "group_id": "-"}
{"timestamp": "2026-06-01 20:15:55,706", "level": "INFO", "logger": "skills.watcher", "message": "SkillWatcher stopped", "trace_id": "-", "group_id": "-"}
{"timestamp": "2026-06-01 20:19:02,425", "level": "INFO", "logger": "runtime.worker", "message": "worker w0: downstream closed", "trace_id": "-", "group_id": "-"}
{"timestamp": "2026-06-01 20:19:02,428", "level": "INFO", "logger": "skills.watcher", "message": "SkillWatcher stopped", "trace_id": "-", "group_id": "-"}
{"timestamp": "2026-06-01 20:19:05,284", "level": "INFO", "logger": "runtime.worker", "message": "worker w0: downstream closed", "trace_id": "-", "group_id": "-"}
{"timestamp": "2026-06-01 20:19:05,287", "level": "INFO", "logger": "skills.watcher", "message": "SkillWatcher stopped", "trace_id": "-", "group_id": "-"}
{"timestamp": "2026-06-01 20:19:19,230", "level": "INFO", "logger": "runtime.worker", "message": "worker w0: downstream closed", "trace_id": "-", "group_id": "-"}
{"timestamp": "2026-06-01 20:19:19,231", "level": "INFO", "logger": "skills.watcher", "message": "SkillWatcher stopped", "trace_id": "-", "group_id": "-"}
{"timestamp": "2026-06-01 20:23:46,685", "level": "INFO", "logger": "runtime.worker", "message": "worker w0: downstream closed", "trace_id": "-", "group_id": "-"}
{"timestamp": "2026-06-01 20:23:46,690", "level": "INFO", "logger": "skills.watcher", "message": "SkillWatcher stopped", "trace_id": "-", "group_id": "-"}
{"timestamp": "2026-06-01 20:24:15,284", "level": "INFO", "logger": "runtime.worker", "message": "worker w0: downstream closed", "trace_id": "-", "group_id": "-"}
{"timestamp": "2026-06-01 20:24:15,287", "level": "INFO", "logger": "skills.watcher", "message": "SkillWatcher stopped", "trace_id": "-", "group_id": "-"}
{"timestamp": "2026-06-01 21:13:38,218", "level": "INFO", "logger": "runtime.worker", "message": "worker w0: downstream closed", "trace_id": "-", "group_id": "-"}
{"timestamp": "2026-06-01 21:13:38,251", "level": "INFO", "logger": "skills.watcher", "message": "SkillWatcher stopped", "trace_id": "-", "group_id": "-"}
{"timestamp": "2026-06-01 21:13:41,774", "level": "INFO", "logger": "runtime.worker", "message": "worker w0: downstream closed", "trace_id": "-", "group_id": "-"}
{"timestamp": "2026-06-01 21:13:41,782", "level": "INFO", "logger": "skills.watcher", "message": "SkillWatcher stopped", "trace_id": "-", "group_id": "-"}
{"timestamp": "2026-06-01 21:23:28,820", "level": "INFO", "logger": "runtime.worker", "message": "worker w0: downstream closed", "trace_id": "-", "group_id": "-"}
{"timestamp": "2026-06-01 21:23:28,823", "level": "INFO", "logger": "skills.watcher", "message": "SkillWatcher stopped", "trace_id": "-", "group_id": "-"}
{"timestamp": "2026-06-01 21:29:12,384", "level": "INFO", "logger": "runtime.worker", "message": "worker w0: downstream closed", "trace_id": "-", "group_id": "-"}
{"timestamp": "2026-06-01 21:29:12,388", "level": "INFO", "logger": "skills.watcher", "message": "SkillWatcher stopped", "trace_id": "-", "group_id": "-"}
{"timestamp": "2026-06-01 21:40:57,399", "level": "INFO", "logger": "runtime.worker", "message": "worker w0: downstream closed", "trace_id": "-", "group_id": "-"}
{"timestamp": "2026-06-01 21:40:57,406", "level": "INFO", "logger": "skills.watcher", "message": "SkillWatcher stopped", "trace_id": "-", "group_id": "-"}
{"timestamp": "2026-06-01 21:48:13,849", "level": "INFO", "logger": "runtime.worker", "message": "worker w0: downstream closed", "trace_id": "-", "group_id": "-"}
{"timestamp": "2026-06-01 21:48:13,854", "level": "INFO", "logger": "skills.watcher", "message": "SkillWatcher stopped", "trace_id": "-", "group_id": "-"}
{"timestamp": "2026-06-01 21:48:24,264", "level": "INFO", "logger": "runtime.worker", "message": "worker w0: downstream closed", "trace_id": "-", "group_id": "-"}
{"timestamp": "2026-06-01 21:48:24,266", "level": "INFO", "logger": "skills.watcher", "message": "SkillWatcher stopped", "trace_id": "-", "group_id": "-"}
{"timestamp": "2026-06-01 21:52:00,997", "level": "INFO", "logger": "runtime.worker", "message": "worker w0: downstream closed", "trace_id": "-", "group_id": "-"}
{"timestamp": "2026-06-01 21:52:01,000", "level": "INFO", "logger": "skills.watcher", "message": "SkillWatcher stopped", "trace_id": "-", "group_id": "-"}
{"timestamp": "2026-06-01 21:52:45,737", "level": "INFO", "logger": "runtime.worker", "message": "worker w0: downstream closed", "trace_id": "-", "group_id": "-"}
{"timestamp": "2026-06-01 21:52:45,740", "level": "INFO", "logger": "skills.watcher", "message": "SkillWatcher stopped", "trace_id": "-", "group_id": "-"}
{"timestamp": "2026-06-01 22:01:49,912", "level": "INFO", "logger": "runtime.worker", "message": "worker w0: downstream closed", "trace_id": "-", "group_id": "-"}
{"timestamp": "2026-06-01 22:01:49,920", "level": "INFO", "logger": "skills.watcher", "message": "SkillWatcher stopped", "trace_id": "-", "group_id": "-"}
{"timestamp": "2026-06-01 22:02:22,781", "level": "INFO", "logger": "runtime.worker", "message": "worker w0: downstream closed", "trace_id": "-", "group_id": "-"}
{"timestamp": "2026-06-01 22:02:22,785", "level": "INFO", "logger": "skills.watcher", "message": "SkillWatcher stopped", "trace_id": "-", "group_id": "-"}
{"timestamp": "2026-06-01 22:40:08,041", "level": "INFO", "logger": "runtime.worker", "message": "worker w0: downstream closed", "trace_id": "-", "group_id": "-"}
{"timestamp": "2026-06-01 22:40:08,047", "level": "INFO", "logger": "skills.watcher", "message": "SkillWatcher stopped", "trace_id": "-", "group_id": "-"}
{"timestamp": "2026-06-01 22:43:49,598", "level": "INFO", "logger": "runtime.worker", "message": "worker w0: downstream closed", "trace_id": "-", "group_id": "-"}
{"timestamp": "2026-06-01 22:43:49,604", "level": "INFO", "logger": "skills.watcher", "message": "SkillWatcher stopped", "trace_id": "-", "group_id": "-"}
{"timestamp": "2026-06-01 22:57:09,561", "level": "INFO", "logger": "runtime.worker", "message": "worker w0: downstream closed", "trace_id": "-", "group_id": "-"}
{"timestamp": "2026-06-01 22:57:09,565", "level": "INFO", "logger": "skills.watcher", "message": "SkillWatcher stopped", "trace_id": "-", "group_id": "-"}
{"timestamp": "2026-06-01 22:57:16,653", "level": "INFO", "logger": "runtime.worker", "message": "worker w0: downstream closed", "trace_id": "-", "group_id": "-"}
{"timestamp": "2026-06-01 22:57:16,656", "level": "INFO", "logger": "skills.watcher", "message": "SkillWatcher stopped", "trace_id": "-", "group_id": "-"}
{"timestamp": "2026-06-01 22:57:25,477", "level": "INFO", "logger": "runtime.worker", "message": "worker w0: downstream closed", "trace_id": "-", "group_id": "-"}
{"timestamp": "2026-06-01 22:57:25,478", "level": "INFO", "logger": "skills.watcher", "message": "SkillWatcher stopped", "trace_id": "-", "group_id": "-"}
{"timestamp": "2026-06-01 23:15:03,629", "level": "INFO", "logger": "runtime.worker", "message": "worker w0: downstream closed", "trace_id": "-", "group_id": "-"}
{"timestamp": "2026-06-01 23:15:03,658", "level": "INFO", "logger": "skills.watcher", "message": "SkillWatcher stopped", "trace_id": "-", "group_id": "-"}
{"timestamp": "2026-06-02 00:23:12,645", "level": "INFO", "logger": "runtime.worker", "message": "worker w0: downstream closed", "trace_id": "-", "group_id": "-"}
{"timestamp": "2026-06-02 00:23:12,651", "level": "INFO", "logger": "skills.watcher", "message": "SkillWatcher stopped", "trace_id": "-", "group_id": "-"}
{"timestamp": "2026-06-02 00:23:42,542", "level": "INFO", "logger": "runtime.worker", "message": "worker w0: downstream closed", "trace_id": "-", "group_id": "-"}
{"timestamp": "2026-06-02 00:23:42,544", "level": "INFO", "logger": "skills.watcher", "message": "SkillWatcher stopped", "trace_id": "-", "group_id": "-"}
{"timestamp": "2026-06-02 07:36:29,813", "level": "INFO", "logger": "runtime.worker", "message": "worker w0: downstream closed", "trace_id": "-", "group_id": "-"}
{"timestamp": "2026-06-02 07:36:29,891", "level": "INFO", "logger": "skills.watcher", "message": "SkillWatcher stopped", "trace_id": "-", "group_id": "-"}
{"timestamp": "2026-06-02 07:59:25,528", "level": "INFO", "logger": "runtime.worker", "message": "worker w0: downstream closed", "trace_id": "-", "group_id": "-"}
{"timestamp": "2026-06-02 07:59:25,534", "level": "INFO", "logger": "skills.watcher", "message": "SkillWatcher stopped", "trace_id": "-", "group_id": "-"}
{"timestamp": "2026-06-02 08:04:07,746", "level": "INFO", "logger": "runtime.worker", "message": "worker w0: downstream closed", "trace_id": "-", "group_id": "-"}
{"timestamp": "2026-06-02 08:04:07,750", "level": "INFO", "logger": "skills.watcher", "message": "SkillWatcher stopped", "trace_id": "-", "group_id": "-"}
{"timestamp": "2026-06-02 08:04:23,499", "level": "INFO", "logger": "runtime.worker", "message": "worker w0: downstream closed", "trace_id": "-", "group_id": "-"}
{"timestamp": "2026-06-02 08:04:23,505", "level": "INFO", "logger": "skills.watcher", "message": "SkillWatcher stopped", "trace_id": "-", "group_id": "-"}
{"timestamp": "2026-06-02 08:04:29,077", "level": "INFO", "logger": "runtime.worker", "message": "worker w0: downstream closed", "trace_id": "-", "group_id": "-"}
{"timestamp": "2026-06-02 08:04:29,085", "level": "INFO", "logger": "skills.watcher", "message": "SkillWatcher stopped", "trace_id": "-", "group_id": "-"}
{"timestamp": "2026-06-02 08:04:47,992", "level": "INFO", "logger": "runtime.worker", "message": "worker w0: downstream closed", "trace_id": "-", "group_id": "-"}
{"timestamp": "2026-06-02 08:04:47,996", "level": "INFO", "logger": "skills.watcher", "message": "SkillWatcher stopped", "trace_id": "-", "group_id": "-"}
{"timestamp": "2026-06-02 08:05:01,120", "level": "INFO", "logger": "runtime.worker", "message": "worker w0: downstream closed", "trace_id": "-", "group_id": "-"}
{"timestamp": "2026-06-02 08:05:01,126", "level": "INFO", "logger": "skills.watcher", "message": "SkillWatcher stopped", "trace_id": "-", "group_id": "-"}
{"timestamp": "2026-06-02 08:14:24,062", "level": "INFO", "logger": "runtime.worker", "message": "worker w0: downstream closed", "trace_id": "-", "group_id": "-"}
{"timestamp": "2026-06-02 08:14:24,066", "level": "INFO", "logger": "skills.watcher", "message": "SkillWatcher stopped", "trace_id": "-", "group_id": "-"}
{"timestamp": "2026-06-02 08:14:32,618", "level": "INFO", "logger": "runtime.worker", "message": "worker w0: downstream closed", "trace_id": "-", "group_id": "-"}
{"timestamp": "2026-06-02 08:14:32,620", "level": "INFO", "logger": "skills.watcher", "message": "SkillWatcher stopped", "trace_id": "-", "group_id": "-"}
{"timestamp": "2026-06-02 08:14:38,482", "level": "INFO", "logger": "runtime.worker", "message": "worker w0: downstream closed", "trace_id": "-", "group_id": "-"}
{"timestamp": "2026-06-02 08:14:38,484", "level": "INFO", "logger": "skills.watcher", "message": "SkillWatcher stopped", "trace_id": "-", "group_id": "-"}
{"timestamp": "2026-06-02 08:14:43,471", "level": "INFO", "logger": "runtime.worker", "message": "worker w0: downstream closed", "trace_id": "-", "group_id": "-"}
{"timestamp": "2026-06-02 08:14:43,472", "level": "INFO", "logger": "skills.watcher", "message": "SkillWatcher stopped", "trace_id": "-", "group_id": "-"}
{"timestamp": "2026-06-02 08:14:52,304", "level": "INFO", "logger": "runtime.worker", "message": "worker w0: downstream closed", "trace_id": "-", "group_id": "-"}
{"timestamp": "2026-06-02 08:14:52,309", "level": "INFO", "logger": "skills.watcher", "message": "SkillWatcher stopped", "trace_id": "-", "group_id": "-"}
{"timestamp": "2026-06-02 08:22:52,723", "level": "INFO", "logger": "runtime.worker", "message": "worker w0: downstream closed", "trace_id": "-", "group_id": "-"}
{"timestamp": "2026-06-02 08:22:52,728", "level": "INFO", "logger": "skills.watcher", "message": "SkillWatcher stopped", "trace_id": "-", "group_id": "-"}
{"timestamp": "2026-06-02 08:23:04,032", "level": "INFO", "logger": "runtime.worker", "message": "worker w0: downstream closed", "trace_id": "-", "group_id": "-"}
{"timestamp": "2026-06-02 08:23:04,037", "level": "INFO", "logger": "skills.watcher", "message": "SkillWatcher stopped", "trace_id": "-", "group_id": "-"}
{"timestamp": "2026-06-02 08:23:10,627", "level": "ERROR", "logger": "runtime.worker", "message": "worker w0: upstream send failed, dropping event type=first group=1", "trace_id": "-", "group_id": "-", "exception": "Traceback (most recent call last):\n  File \"/Users/Nuke/claudeFolder/nuke-ai-collaborator/backend/runtime/worker.py\", line 115, in _pump_upstream\n    await ipc.send_msg(self._writer, ipc.protocol.envelope(\n        ipc.protocol.BROADCAST, group_id=gid, payload=payload,\n    ))\n  File \"/Users/Nuke/claudeFolder/nuke-ai-collaborator/backend/tests/test_worker_loop.py\", line 135, in flaky_send\n    raise BrokenPipeError(\"boom\")\nBrokenPipeError: boom"}
{"timestamp": "2026-06-02 08:23:10,656", "level": "INFO", "logger": "runtime.lifecycle", "message": "lifecycle: hydrating group 7", "trace_id": "tr-1", "group_id": 7}
{"timestamp": "2026-06-02 08:23:10,690", "level": "INFO", "logger": "core.orchestration.registry", "message": "Registered orchestrator: workflow_v1", "trace_id": "tr-1", "group_id": 7}
{"timestamp": "2026-06-02 08:23:10,691", "level": "INFO", "logger": "core.orchestration.registry", "message": "Registered orchestrator: round_robin_v1", "trace_id": "tr-1", "group_id": 7}
{"timestamp": "2026-06-02 08:23:10,698", "level": "ERROR", "logger": "runtime.lifecycle", "message": "lifecycle: failed to recover group 7", "trace_id": "tr-1", "group_id": 7, "exception": "Traceback (most recent call last):\n  File \"/Users/Nuke/claudeFolder/nuke-ai-collaborator/backend/runtime/lifecycle.py\", line 58, in hydrate\n    await sessions.recover_all(group_id=group_id)\n  File \"/Users/Nuke/claudeFolder/nuke-ai-collaborator/backend/sessions/recovery.py\", line 72, in recover_all\n    orphans = await get_orphaned_sessions(group_id=group_id)\n              ^^^^^^^^^^^^^^^^^^^^^^^^^^^^^^^^^^^^^^^^^^^^^^\n  File \"/Users/Nuke/claudeFolder/nuke-ai-collaborator/backend/sessions/store.py\", line 101, in get_orphaned_sessions\n    async with conn.execute(\n               ~~~~~~~~~~~~^\n        \"SELECT * FROM agent_sessions WHERE status = 'running'\" + (f\" AND group_id = {group_id}\" if group_id else \"\") + \" ORDER BY created_at ASC\"\n        ^^^^^^^^^^^^^^^^^^^^^^^^^^^^^^^^^^^^^^^^^^^^^^^^^^^^^^^^^^^^^^^^^^^^^^^^^^^^^^^^^^^^^^^^^^^^^^^^^^^^^^^^^^^^^^^^^^^^^^^^^^^^^^^^^^^^^^^^^^\n    ) as cur:\n    ^\n  File \"/opt/homebrew/lib/python3.13/site-packages/aiosqlite/context.py\", line 39, in __aenter__\n    self._obj = await self._coro\n                ^^^^^^^^^^^^^^^^\n  File \"/opt/homebrew/lib/python3.13/site-packages/aiosqlite/core.py\", line 193, in execute\n    cursor = await self._execute(self._conn.execute, sql, parameters)\n             ^^^^^^^^^^^^^^^^^^^^^^^^^^^^^^^^^^^^^^^^^^^^^^^^^^^^^^^^\n  File \"/opt/homebrew/lib/python3.13/site-packages/aiosqlite/core.py\", line 132, in _execute\n    return await future\n           ^^^^^^^^^^^^\n  File \"/opt/homebrew/lib/python3.13/site-packages/aiosqlite/core.py\", line 115, in run\n    result = function()\nsqlite3.OperationalError: no such table: agent_sessions"}
{"timestamp": "2026-06-02 08:25:16,138", "level": "INFO", "logger": "runtime.worker", "message": "worker w0: downstream closed", "trace_id": "-", "group_id": "-"}
{"timestamp": "2026-06-02 08:25:16,145", "level": "INFO", "logger": "skills.watcher", "message": "SkillWatcher stopped", "trace_id": "-", "group_id": "-"}
{"timestamp": "2026-06-02 08:25:19,186", "level": "INFO", "logger": "runtime.worker", "message": "worker w0: downstream closed", "trace_id": "-", "group_id": "-"}
{"timestamp": "2026-06-02 08:25:19,187", "level": "INFO", "logger": "skills.watcher", "message": "SkillWatcher stopped", "trace_id": "-", "group_id": "-"}
{"timestamp": "2026-06-02 08:25:24,965", "level": "INFO", "logger": "runtime.worker", "message": "worker w0: downstream closed", "trace_id": "-", "group_id": "-"}
{"timestamp": "2026-06-02 08:25:24,967", "level": "INFO", "logger": "skills.watcher", "message": "SkillWatcher stopped", "trace_id": "-", "group_id": "-"}
{"timestamp": "2026-06-02 08:25:27,277", "level": "INFO", "logger": "runtime.worker", "message": "worker w0: downstream closed", "trace_id": "-", "group_id": "-"}
{"timestamp": "2026-06-02 08:25:27,278", "level": "INFO", "logger": "skills.watcher", "message": "SkillWatcher stopped", "trace_id": "-", "group_id": "-"}
{"timestamp": "2026-06-02 08:25:29,825", "level": "INFO", "logger": "runtime.worker", "message": "worker w0: downstream closed", "trace_id": "-", "group_id": "-"}
{"timestamp": "2026-06-02 08:25:29,826", "level": "INFO", "logger": "skills.watcher", "message": "SkillWatcher stopped", "trace_id": "-", "group_id": "-"}
{"timestamp": "2026-06-02 08:25:31,681", "level": "INFO", "logger": "skills.watcher", "message": "SkillWatcher stopped", "trace_id": "-", "group_id": "-"}
{"timestamp": "2026-06-02 08:25:33,786", "level": "INFO", "logger": "runtime.worker", "message": "worker w0: downstream closed", "trace_id": "-", "group_id": "-"}
{"timestamp": "2026-06-02 08:25:33,788", "level": "INFO", "logger": "skills.watcher", "message": "SkillWatcher stopped", "trace_id": "-", "group_id": "-"}
{"timestamp": "2026-06-02 08:27:48,055", "level": "INFO", "logger": "runtime.worker", "message": "worker w0: downstream closed", "trace_id": "-", "group_id": "-"}
{"timestamp": "2026-06-02 08:27:48,062", "level": "INFO", "logger": "skills.watcher", "message": "SkillWatcher stopped", "trace_id": "-", "group_id": "-"}
{"timestamp": "2026-06-02 08:27:53,383", "level": "INFO", "logger": "runtime.worker", "message": "worker w0: downstream closed", "trace_id": "-", "group_id": "-"}
{"timestamp": "2026-06-02 08:27:53,384", "level": "INFO", "logger": "skills.watcher", "message": "SkillWatcher stopped", "trace_id": "-", "group_id": "-"}
{"timestamp": "2026-06-02 08:28:26,678", "level": "INFO", "logger": "runtime.worker", "message": "worker w0: downstream closed", "trace_id": "-", "group_id": "-"}
{"timestamp": "2026-06-02 08:28:26,682", "level": "INFO", "logger": "skills.watcher", "message": "SkillWatcher stopped", "trace_id": "-", "group_id": "-"}
{"timestamp": "2026-06-02 08:28:45,134", "level": "INFO", "logger": "runtime.worker", "message": "worker w0: downstream closed", "trace_id": "-", "group_id": "-"}
{"timestamp": "2026-06-02 08:28:45,137", "level": "INFO", "logger": "skills.watcher", "message": "SkillWatcher stopped", "trace_id": "-", "group_id": "-"}
{"timestamp": "2026-06-02 08:29:32,919", "level": "INFO", "logger": "runtime.worker", "message": "worker w0: downstream closed", "trace_id": "-", "group_id": "-"}
{"timestamp": "2026-06-02 08:29:32,927", "level": "INFO", "logger": "skills.watcher", "message": "SkillWatcher stopped", "trace_id": "-", "group_id": "-"}
{"timestamp": "2026-06-02 08:29:37,008", "level": "INFO", "logger": "runtime.worker", "message": "worker w0: downstream closed", "trace_id": "-", "group_id": "-"}
{"timestamp": "2026-06-02 08:29:37,009", "level": "INFO", "logger": "skills.watcher", "message": "SkillWatcher stopped", "trace_id": "-", "group_id": "-"}
{"timestamp": "2026-06-02 08:31:01,515", "level": "INFO", "logger": "runtime.supervisor", "message": "supervisor: worker w0 connected", "trace_id": "-", "group_id": "-"}
{"timestamp": "2026-06-02 08:31:01,533", "level": "INFO", "logger": "runtime.lifecycle", "message": "lifecycle: hydrating group 7", "trace_id": "tr", "group_id": 7}
{"timestamp": "2026-06-02 08:31:01,544", "level": "ERROR", "logger": "core.orchestration.rd_manager", "message": "RDManager failed to render board for group 7", "trace_id": "tr", "group_id": 7, "exception": "Traceback (most recent call last):\n  File \"/Users/Nuke/claudeFolder/nuke-ai-collaborator/backend/core/orchestration/rd_manager.py\", line 43, in render_board\n    async with db.execute(\n               ~~~~~~~~~~^\n        \"SELECT ticket_id, title, status FROM tickets WHERE group_id = ? ORDER BY id DESC\",\n        ^^^^^^^^^^^^^^^^^^^^^^^^^^^^^^^^^^^^^^^^^^^^^^^^^^^^^^^^^^^^^^^^^^^^^^^^^^^^^^^^^^^\n        (group_id,)\n        ^^^^^^^^^^^\n    ) as cur:\n    ^\n  File \"/opt/homebrew/lib/python3.13/site-packages/aiosqlite/context.py\", line 39, in __aenter__\n    self._obj = await self._coro\n                ^^^^^^^^^^^^^^^^\n  File \"/opt/homebrew/lib/python3.13/site-packages/aiosqlite/core.py\", line 193, in execute\n    cursor = await self._execute(self._conn.execute, sql, parameters)\n             ^^^^^^^^^^^^^^^^^^^^^^^^^^^^^^^^^^^^^^^^^^^^^^^^^^^^^^^^\n  File \"/opt/homebrew/lib/python3.13/site-packages/aiosqlite/core.py\", line 132, in _execute\n    return await future\n           ^^^^^^^^^^^^\n  File \"/opt/homebrew/lib/python3.13/site-packages/aiosqlite/core.py\", line 115, in run\n    result = function()\nsqlite3.OperationalError: no such table: tickets"}
{"timestamp": "2026-06-02 08:31:01,546", "level": "ERROR", "logger": "runtime.lifecycle", "message": "lifecycle: failed to recover group 7", "trace_id": "tr", "group_id": 7, "exception": "Traceback (most recent call last):\n  File \"/Users/Nuke/claudeFolder/nuke-ai-collaborator/backend/runtime/lifecycle.py\", line 57, in hydrate\n    await runner.resume_workflows(group_id=group_id)\n  File \"/Users/Nuke/claudeFolder/nuke-ai-collaborator/backend/core/runner.py\", line 88, in resume_workflows\n    rows = await workflow_store.load_all_active(group_id=group_id)\n           ^^^^^^^^^^^^^^^^^^^^^^^^^^^^^^^^^^^^^^^^^^^^^^^^^^^^^^^\n  File \"/Users/Nuke/claudeFolder/nuke-ai-collaborator/backend/core/workflow_store.py\", line 45, in load_all_active\n    async with conn.execute(\n               ~~~~~~~~~~~~^\n        \"SELECT * FROM workflow_state WHERE status = 'active'\" + (f\" AND group_id = {group_id}\" if group_id else \"\") + \" ORDER BY group_id ASC\"\n        ^^^^^^^^^^^^^^^^^^^^^^^^^^^^^^^^^^^^^^^^^^^^^^^^^^^^^^^^^^^^^^^^^^^^^^^^^^^^^^^^^^^^^^^^^^^^^^^^^^^^^^^^^^^^^^^^^^^^^^^^^^^^^^^^^^^^^^^\n    ) as cur:\n    ^\n  File \"/opt/homebrew/lib/python3.13/site-packages/aiosqlite/context.py\", line 39, in __aenter__\n    self._obj = await self._coro\n                ^^^^^^^^^^^^^^^^\n  File \"/opt/homebrew/lib/python3.13/site-packages/aiosqlite/core.py\", line 193, in execute\n    cursor = await self._execute(self._conn.execute, sql, parameters)\n             ^^^^^^^^^^^^^^^^^^^^^^^^^^^^^^^^^^^^^^^^^^^^^^^^^^^^^^^^\n  File \"/opt/homebrew/lib/python3.13/site-packages/aiosqlite/core.py\", line 132, in _execute\n    return await future\n           ^^^^^^^^^^^^\n  File \"/opt/homebrew/lib/python3.13/site-packages/aiosqlite/core.py\", line 115, in run\n    result = function()\nsqlite3.OperationalError: no such table: workflow_state"}
{"timestamp": "2026-06-02 08:31:01,553", "level": "INFO", "logger": "runtime.supervisor", "message": "supervisor: worker w0 connected", "trace_id": "-", "group_id": "-"}
{"timestamp": "2026-06-02 08:31:01,591", "level": "INFO", "logger": "httpx", "message": "HTTP Request: GET http://test/api/system/status \"HTTP/1.1 200 OK\"", "trace_id": "-", "group_id": "-"}
{"timestamp": "2026-06-02 08:31:01,641", "level": "WARNING", "logger": "skills.traits", "message": "Trait file not found: /Users/Nuke/claudeFolder/nuke-ai-collaborator/backend/workspaces/system/traits/non_existent.md", "trace_id": "-", "group_id": "-"}
{"timestamp": "2026-06-02 08:31:03,723", "level": "ERROR", "logger": "runtime.worker", "message": "worker w0: upstream send failed, dropping event type=first group=1", "trace_id": "-", "group_id": "-", "exception": "Traceback (most recent call last):\n  File \"/Users/Nuke/claudeFolder/nuke-ai-collaborator/backend/runtime/worker.py\", line 115, in _pump_upstream\n    await ipc.send_msg(self._writer, ipc.protocol.envelope(\n        ipc.protocol.BROADCAST, group_id=gid, payload=payload,\n    ))\n  File \"/Users/Nuke/claudeFolder/nuke-ai-collaborator/backend/tests/test_worker_loop.py\", line 135, in flaky_send\n    raise BrokenPipeError(\"boom\")\nBrokenPipeError: boom"}
{"timestamp": "2026-06-02 08:31:06,888", "level": "INFO", "logger": "core.orchestration.registry", "message": "Registered orchestrator: workflow_v1", "trace_id": "-", "group_id": "-"}
{"timestamp": "2026-06-02 08:31:06,889", "level": "INFO", "logger": "core.orchestration.registry", "message": "Registered orchestrator: round_robin_v1", "trace_id": "-", "group_id": "-"}
{"timestamp": "2026-06-02 08:31:20,583", "level": "INFO", "logger": "runtime.worker", "message": "worker w0: downstream closed", "trace_id": "-", "group_id": "-"}
{"timestamp": "2026-06-02 08:31:20,589", "level": "INFO", "logger": "skills.watcher", "message": "SkillWatcher stopped", "trace_id": "-", "group_id": "-"}
{"timestamp": "2026-06-02 08:31:39,465", "level": "INFO", "logger": "runtime.supervisor", "message": "supervisor: worker w0 connected", "trace_id": "-", "group_id": "-"}
{"timestamp": "2026-06-02 08:31:39,484", "level": "INFO", "logger": "runtime.lifecycle", "message": "lifecycle: hydrating group 7", "trace_id": "tr", "group_id": 7}
{"timestamp": "2026-06-02 08:31:39,499", "level": "ERROR", "logger": "core.orchestration.rd_manager", "message": "RDManager failed to render board for group 7", "trace_id": "tr", "group_id": 7, "exception": "Traceback (most recent call last):\n  File \"/Users/Nuke/claudeFolder/nuke-ai-collaborator/backend/core/orchestration/rd_manager.py\", line 43, in render_board\n    async with db.execute(\n               ~~~~~~~~~~^\n        \"SELECT ticket_id, title, status FROM tickets WHERE group_id = ? ORDER BY id DESC\",\n        ^^^^^^^^^^^^^^^^^^^^^^^^^^^^^^^^^^^^^^^^^^^^^^^^^^^^^^^^^^^^^^^^^^^^^^^^^^^^^^^^^^^\n        (group_id,)\n        ^^^^^^^^^^^\n    ) as cur:\n    ^\n  File \"/opt/homebrew/lib/python3.13/site-packages/aiosqlite/context.py\", line 39, in __aenter__\n    self._obj = await self._coro\n                ^^^^^^^^^^^^^^^^\n  File \"/opt/homebrew/lib/python3.13/site-packages/aiosqlite/core.py\", line 193, in execute\n    cursor = await self._execute(self._conn.execute, sql, parameters)\n             ^^^^^^^^^^^^^^^^^^^^^^^^^^^^^^^^^^^^^^^^^^^^^^^^^^^^^^^^\n  File \"/opt/homebrew/lib/python3.13/site-packages/aiosqlite/core.py\", line 132, in _execute\n    return await future\n           ^^^^^^^^^^^^\n  File \"/opt/homebrew/lib/python3.13/site-packages/aiosqlite/core.py\", line 115, in run\n    result = function()\nsqlite3.OperationalError: no such table: tickets"}
{"timestamp": "2026-06-02 08:31:39,518", "level": "ERROR", "logger": "runtime.lifecycle", "message": "lifecycle: failed to recover group 7", "trace_id": "tr", "group_id": 7, "exception": "Traceback (most recent call last):\n  File \"/Users/Nuke/claudeFolder/nuke-ai-collaborator/backend/runtime/lifecycle.py\", line 57, in hydrate\n    await runner.resume_workflows(group_id=group_id)\n  File \"/Users/Nuke/claudeFolder/nuke-ai-collaborator/backend/core/runner.py\", line 85, in resume_workflows\n    rows = await workflow_store.load_all_active(group_id=group_id)\n           ^^^^^^^^^^^^^^^^^^^^^^^^^^^^^^^^^^^^^^^^^^^^^^^^^^^^^^^\n  File \"/Users/Nuke/claudeFolder/nuke-ai-collaborator/backend/core/workflow_store.py\", line 45, in load_all_active\n    async with conn.execute(\n               ~~~~~~~~~~~~^\n        \"SELECT * FROM workflow_state WHERE status = 'active'\" + (f\" AND group_id = {group_id}\" if group_id else \"\") + \" ORDER BY group_id ASC\"\n        ^^^^^^^^^^^^^^^^^^^^^^^^^^^^^^^^^^^^^^^^^^^^^^^^^^^^^^^^^^^^^^^^^^^^^^^^^^^^^^^^^^^^^^^^^^^^^^^^^^^^^^^^^^^^^^^^^^^^^^^^^^^^^^^^^^^^^^^\n    ) as cur:\n    ^\n  File \"/opt/homebrew/lib/python3.13/site-packages/aiosqlite/context.py\", line 39, in __aenter__\n    self._obj = await self._coro\n                ^^^^^^^^^^^^^^^^\n  File \"/opt/homebrew/lib/python3.13/site-packages/aiosqlite/core.py\", line 193, in execute\n    cursor = await self._execute(self._conn.execute, sql, parameters)\n             ^^^^^^^^^^^^^^^^^^^^^^^^^^^^^^^^^^^^^^^^^^^^^^^^^^^^^^^^\n  File \"/opt/homebrew/lib/python3.13/site-packages/aiosqlite/core.py\", line 132, in _execute\n    return await future\n           ^^^^^^^^^^^^\n  File \"/opt/homebrew/lib/python3.13/site-packages/aiosqlite/core.py\", line 115, in run\n    result = function()\nsqlite3.OperationalError: no such table: workflow_state"}
{"timestamp": "2026-06-02 08:31:39,529", "level": "INFO", "logger": "runtime.supervisor", "message": "supervisor: worker w0 connected", "trace_id": "-", "group_id": "-"}
{"timestamp": "2026-06-02 08:31:39,560", "level": "INFO", "logger": "httpx", "message": "HTTP Request: GET http://test/api/system/status \"HTTP/1.1 200 OK\"", "trace_id": "-", "group_id": "-"}
{"timestamp": "2026-06-02 08:31:39,605", "level": "WARNING", "logger": "skills.traits", "message": "Trait file not found: /Users/Nuke/claudeFolder/nuke-ai-collaborator/backend/workspaces/system/traits/non_existent.md", "trace_id": "-", "group_id": "-"}
{"timestamp": "2026-06-02 08:31:41,676", "level": "ERROR", "logger": "runtime.worker", "message": "worker w0: upstream send failed, dropping event type=first group=1", "trace_id": "-", "group_id": "-", "exception": "Traceback (most recent call last):\n  File \"/Users/Nuke/claudeFolder/nuke-ai-collaborator/backend/runtime/worker.py\", line 115, in _pump_upstream\n    await ipc.send_msg(self._writer, ipc.protocol.envelope(\n        ipc.protocol.BROADCAST, group_id=gid, payload=payload,\n    ))\n  File \"/Users/Nuke/claudeFolder/nuke-ai-collaborator/backend/tests/test_worker_loop.py\", line 135, in flaky_send\n    raise BrokenPipeError(\"boom\")\nBrokenPipeError: boom"}
{"timestamp": "2026-06-02 08:31:44,830", "level": "INFO", "logger": "core.orchestration.registry", "message": "Registered orchestrator: workflow_v1", "trace_id": "-", "group_id": "-"}
{"timestamp": "2026-06-02 08:31:44,831", "level": "INFO", "logger": "core.orchestration.registry", "message": "Registered orchestrator: round_robin_v1", "trace_id": "-", "group_id": "-"}
{"timestamp": "2026-06-02 08:32:01,115", "level": "INFO", "logger": "runtime.worker", "message": "worker w0: downstream closed", "trace_id": "-", "group_id": "-"}
{"timestamp": "2026-06-02 08:32:01,119", "level": "INFO", "logger": "skills.watcher", "message": "SkillWatcher stopped", "trace_id": "-", "group_id": "-"}
{"timestamp": "2026-06-02 08:32:21,288", "level": "INFO", "logger": "runtime.supervisor", "message": "supervisor: worker w0 connected", "trace_id": "-", "group_id": "-"}
{"timestamp": "2026-06-02 08:32:21,305", "level": "INFO", "logger": "runtime.lifecycle", "message": "lifecycle: hydrating group 7", "trace_id": "tr", "group_id": 7}
{"timestamp": "2026-06-02 08:32:21,318", "level": "ERROR", "logger": "core.orchestration.rd_manager", "message": "RDManager failed to render board for group 7", "trace_id": "tr", "group_id": 7, "exception": "Traceback (most recent call last):\n  File \"/Users/Nuke/claudeFolder/nuke-ai-collaborator/backend/core/orchestration/rd_manager.py\", line 43, in render_board\n    async with db.execute(\n               ~~~~~~~~~~^\n        \"SELECT ticket_id, title, status FROM tickets WHERE group_id = ? ORDER BY id DESC\",\n        ^^^^^^^^^^^^^^^^^^^^^^^^^^^^^^^^^^^^^^^^^^^^^^^^^^^^^^^^^^^^^^^^^^^^^^^^^^^^^^^^^^^\n        (group_id,)\n        ^^^^^^^^^^^\n    ) as cur:\n    ^\n  File \"/opt/homebrew/lib/python3.13/site-packages/aiosqlite/context.py\", line 39, in __aenter__\n    self._obj = await self._coro\n                ^^^^^^^^^^^^^^^^\n  File \"/opt/homebrew/lib/python3.13/site-packages/aiosqlite/core.py\", line 193, in execute\n    cursor = await self._execute(self._conn.execute, sql, parameters)\n             ^^^^^^^^^^^^^^^^^^^^^^^^^^^^^^^^^^^^^^^^^^^^^^^^^^^^^^^^\n  File \"/opt/homebrew/lib/python3.13/site-packages/aiosqlite/core.py\", line 132, in _execute\n    return await future\n           ^^^^^^^^^^^^\n  File \"/opt/homebrew/lib/python3.13/site-packages/aiosqlite/core.py\", line 115, in run\n    result = function()\nsqlite3.OperationalError: no such table: tickets"}
{"timestamp": "2026-06-02 08:32:21,321", "level": "ERROR", "logger": "runtime.lifecycle", "message": "lifecycle: failed to recover group 7", "trace_id": "tr", "group_id": 7, "exception": "Traceback (most recent call last):\n  File \"/Users/Nuke/claudeFolder/nuke-ai-collaborator/backend/runtime/lifecycle.py\", line 57, in hydrate\n    await runner.resume_workflows(group_id=group_id)\n  File \"/Users/Nuke/claudeFolder/nuke-ai-collaborator/backend/core/runner.py\", line 88, in resume_workflows\n    rows = await workflow_store.load_all_active(group_id=group_id)\n           ^^^^^^^^^^^^^^^^^^^^^^^^^^^^^^^^^^^^^^^^^^^^^^^^^^^^^^^\n  File \"/Users/Nuke/claudeFolder/nuke-ai-collaborator/backend/core/workflow_store.py\", line 45, in load_all_active\n    async with conn.execute(\n               ~~~~~~~~~~~~^\n        \"SELECT * FROM workflow_state WHERE status = 'active'\" + (f\" AND group_id = {group_id}\" if group_id else \"\") + \" ORDER BY group_id ASC\"\n        ^^^^^^^^^^^^^^^^^^^^^^^^^^^^^^^^^^^^^^^^^^^^^^^^^^^^^^^^^^^^^^^^^^^^^^^^^^^^^^^^^^^^^^^^^^^^^^^^^^^^^^^^^^^^^^^^^^^^^^^^^^^^^^^^^^^^^^^\n    ) as cur:\n    ^\n  File \"/opt/homebrew/lib/python3.13/site-packages/aiosqlite/context.py\", line 39, in __aenter__\n    self._obj = await self._coro\n                ^^^^^^^^^^^^^^^^\n  File \"/opt/homebrew/lib/python3.13/site-packages/aiosqlite/core.py\", line 193, in execute\n    cursor = await self._execute(self._conn.execute, sql, parameters)\n             ^^^^^^^^^^^^^^^^^^^^^^^^^^^^^^^^^^^^^^^^^^^^^^^^^^^^^^^^\n  File \"/opt/homebrew/lib/python3.13/site-packages/aiosqlite/core.py\", line 132, in _execute\n    return await future\n           ^^^^^^^^^^^^\n  File \"/opt/homebrew/lib/python3.13/site-packages/aiosqlite/core.py\", line 115, in run\n    result = function()\nsqlite3.OperationalError: no such table: workflow_state"}
{"timestamp": "2026-06-02 08:32:21,331", "level": "INFO", "logger": "runtime.supervisor", "message": "supervisor: worker w0 connected", "trace_id": "-", "group_id": "-"}
{"timestamp": "2026-06-02 08:32:21,362", "level": "INFO", "logger": "httpx", "message": "HTTP Request: GET http://test/api/system/status \"HTTP/1.1 200 OK\"", "trace_id": "-", "group_id": "-"}
{"timestamp": "2026-06-02 08:32:21,446", "level": "WARNING", "logger": "skills.traits", "message": "Trait file not found: /Users/Nuke/claudeFolder/nuke-ai-collaborator/backend/workspaces/system/traits/non_existent.md", "trace_id": "-", "group_id": "-"}
{"timestamp": "2026-06-02 08:32:23,526", "level": "ERROR", "logger": "runtime.worker", "message": "worker w0: upstream send failed, dropping event type=first group=1", "trace_id": "-", "group_id": "-", "exception": "Traceback (most recent call last):\n  File \"/Users/Nuke/claudeFolder/nuke-ai-collaborator/backend/runtime/worker.py\", line 115, in _pump_upstream\n    await ipc.send_msg(self._writer, ipc.protocol.envelope(\n        ipc.protocol.BROADCAST, group_id=gid, payload=payload,\n    ))\n  File \"/Users/Nuke/claudeFolder/nuke-ai-collaborator/backend/tests/test_worker_loop.py\", line 135, in flaky_send\n    raise BrokenPipeError(\"boom\")\nBrokenPipeError: boom"}
{"timestamp": "2026-06-02 08:32:26,757", "level": "INFO", "logger": "core.orchestration.registry", "message": "Registered orchestrator: workflow_v1", "trace_id": "-", "group_id": "-"}
{"timestamp": "2026-06-02 08:32:26,758", "level": "INFO", "logger": "core.orchestration.registry", "message": "Registered orchestrator: round_robin_v1", "trace_id": "-", "group_id": "-"}
{"timestamp": "2026-06-02 08:33:10,544", "level": "INFO", "logger": "runtime.worker", "message": "worker w0: downstream closed", "trace_id": "-", "group_id": "-"}
{"timestamp": "2026-06-02 08:33:10,550", "level": "INFO", "logger": "skills.watcher", "message": "SkillWatcher stopped", "trace_id": "-", "group_id": "-"}
{"timestamp": "2026-06-02 08:33:15,158", "level": "INFO", "logger": "runtime.worker", "message": "worker w0: downstream closed", "trace_id": "-", "group_id": "-"}
{"timestamp": "2026-06-02 08:33:15,160", "level": "INFO", "logger": "skills.watcher", "message": "SkillWatcher stopped", "trace_id": "-", "group_id": "-"}
{"timestamp": "2026-06-02 08:33:41,475", "level": "INFO", "logger": "runtime.supervisor", "message": "supervisor: worker w0 connected", "trace_id": "-", "group_id": "-"}
{"timestamp": "2026-06-02 08:33:41,492", "level": "INFO", "logger": "runtime.lifecycle", "message": "lifecycle: hydrating group 7", "trace_id": "tr", "group_id": 7}
{"timestamp": "2026-06-02 08:33:41,514", "level": "ERROR", "logger": "core.orchestration.rd_manager", "message": "RDManager failed to render board for group 7", "trace_id": "tr", "group_id": 7, "exception": "Traceback (most recent call last):\n  File \"/Users/Nuke/claudeFolder/nuke-ai-collaborator/backend/core/orchestration/rd_manager.py\", line 43, in render_board\n    async with db.execute(\n               ~~~~~~~~~~^\n        \"SELECT ticket_id, title, status FROM tickets WHERE group_id = ? ORDER BY id DESC\",\n        ^^^^^^^^^^^^^^^^^^^^^^^^^^^^^^^^^^^^^^^^^^^^^^^^^^^^^^^^^^^^^^^^^^^^^^^^^^^^^^^^^^^\n        (group_id,)\n        ^^^^^^^^^^^\n    ) as cur:\n    ^\n  File \"/opt/homebrew/lib/python3.13/site-packages/aiosqlite/context.py\", line 39, in __aenter__\n    self._obj = await self._coro\n                ^^^^^^^^^^^^^^^^\n  File \"/opt/homebrew/lib/python3.13/site-packages/aiosqlite/core.py\", line 193, in execute\n    cursor = await self._execute(self._conn.execute, sql, parameters)\n             ^^^^^^^^^^^^^^^^^^^^^^^^^^^^^^^^^^^^^^^^^^^^^^^^^^^^^^^^\n  File \"/opt/homebrew/lib/python3.13/site-packages/aiosqlite/core.py\", line 132, in _execute\n    return await future\n           ^^^^^^^^^^^^\n  File \"/opt/homebrew/lib/python3.13/site-packages/aiosqlite/core.py\", line 115, in run\n    result = function()\nsqlite3.OperationalError: no such table: tickets"}
{"timestamp": "2026-06-02 08:33:41,524", "level": "ERROR", "logger": "runtime.lifecycle", "message": "lifecycle: failed to recover group 7", "trace_id": "tr", "group_id": 7, "exception": "Traceback (most recent call last):\n  File \"/Users/Nuke/claudeFolder/nuke-ai-collaborator/backend/runtime/lifecycle.py\", line 57, in hydrate\n    await runner.resume_workflows(group_id=group_id)\n  File \"/Users/Nuke/claudeFolder/nuke-ai-collaborator/backend/core/runner.py\", line 88, in resume_workflows\n    rows = await workflow_store.load_all_active(group_id=group_id)\n           ^^^^^^^^^^^^^^^^^^^^^^^^^^^^^^^^^^^^^^^^^^^^^^^^^^^^^^^\n  File \"/Users/Nuke/claudeFolder/nuke-ai-collaborator/backend/core/workflow_store.py\", line 45, in load_all_active\n    async with conn.execute(\n               ~~~~~~~~~~~~^\n        \"SELECT * FROM workflow_state WHERE status = 'active'\" + (f\" AND group_id = {group_id}\" if group_id else \"\") + \" ORDER BY group_id ASC\"\n        ^^^^^^^^^^^^^^^^^^^^^^^^^^^^^^^^^^^^^^^^^^^^^^^^^^^^^^^^^^^^^^^^^^^^^^^^^^^^^^^^^^^^^^^^^^^^^^^^^^^^^^^^^^^^^^^^^^^^^^^^^^^^^^^^^^^^^^^\n    ) as cur:\n    ^\n  File \"/opt/homebrew/lib/python3.13/site-packages/aiosqlite/context.py\", line 39, in __aenter__\n    self._obj = await self._coro\n                ^^^^^^^^^^^^^^^^\n  File \"/opt/homebrew/lib/python3.13/site-packages/aiosqlite/core.py\", line 193, in execute\n    cursor = await self._execute(self._conn.execute, sql, parameters)\n             ^^^^^^^^^^^^^^^^^^^^^^^^^^^^^^^^^^^^^^^^^^^^^^^^^^^^^^^^\n  File \"/opt/homebrew/lib/python3.13/site-packages/aiosqlite/core.py\", line 132, in _execute\n    return await future\n           ^^^^^^^^^^^^\n  File \"/opt/homebrew/lib/python3.13/site-packages/aiosqlite/core.py\", line 115, in run\n    result = function()\nsqlite3.OperationalError: no such table: workflow_state"}
{"timestamp": "2026-06-02 08:33:41,533", "level": "INFO", "logger": "runtime.supervisor", "message": "supervisor: worker w0 connected", "trace_id": "-", "group_id": "-"}
{"timestamp": "2026-06-02 08:33:41,573", "level": "INFO", "logger": "httpx", "message": "HTTP Request: GET http://test/api/system/status \"HTTP/1.1 200 OK\"", "trace_id": "-", "group_id": "-"}
{"timestamp": "2026-06-02 08:33:41,652", "level": "WARNING", "logger": "skills.traits", "message": "Trait file not found: /Users/Nuke/claudeFolder/nuke-ai-collaborator/backend/workspaces/system/traits/non_existent.md", "trace_id": "-", "group_id": "-"}
{"timestamp": "2026-06-02 08:33:43,719", "level": "ERROR", "logger": "runtime.worker", "message": "worker w0: upstream send failed, dropping event type=first group=1", "trace_id": "-", "group_id": "-", "exception": "Traceback (most recent call last):\n  File \"/Users/Nuke/claudeFolder/nuke-ai-collaborator/backend/runtime/worker.py\", line 115, in _pump_upstream\n    await ipc.send_msg(self._writer, ipc.protocol.envelope(\n        ipc.protocol.BROADCAST, group_id=gid, payload=payload,\n    ))\n  File \"/Users/Nuke/claudeFolder/nuke-ai-collaborator/backend/tests/test_worker_loop.py\", line 135, in flaky_send\n    raise BrokenPipeError(\"boom\")\nBrokenPipeError: boom"}
{"timestamp": "2026-06-02 08:33:46,888", "level": "INFO", "logger": "core.orchestration.registry", "message": "Registered orchestrator: workflow_v1", "trace_id": "-", "group_id": "-"}
{"timestamp": "2026-06-02 08:33:46,889", "level": "INFO", "logger": "core.orchestration.registry", "message": "Registered orchestrator: round_robin_v1", "trace_id": "-", "group_id": "-"}
{"timestamp": "2026-06-02 08:36:13,651", "level": "INFO", "logger": "runtime.worker", "message": "worker w0: downstream closed", "trace_id": "-", "group_id": "-"}
{"timestamp": "2026-06-02 08:36:13,656", "level": "INFO", "logger": "skills.watcher", "message": "SkillWatcher stopped", "trace_id": "-", "group_id": "-"}
{"timestamp": "2026-06-02 08:36:17,818", "level": "INFO", "logger": "runtime.worker", "message": "worker w0: downstream closed", "trace_id": "-", "group_id": "-"}
{"timestamp": "2026-06-02 08:36:17,824", "level": "INFO", "logger": "skills.watcher", "message": "SkillWatcher stopped", "trace_id": "-", "group_id": "-"}
{"timestamp": "2026-06-02 08:36:40,914", "level": "INFO", "logger": "runtime.worker", "message": "worker w0: downstream closed", "trace_id": "-", "group_id": "-"}
{"timestamp": "2026-06-02 08:36:40,937", "level": "INFO", "logger": "skills.watcher", "message": "SkillWatcher stopped", "trace_id": "-", "group_id": "-"}
{"timestamp": "2026-06-02 08:37:05,542", "level": "INFO", "logger": "runtime.supervisor", "message": "supervisor: worker w0 connected", "trace_id": "-", "group_id": "-"}
{"timestamp": "2026-06-02 08:37:05,560", "level": "INFO", "logger": "runtime.lifecycle", "message": "lifecycle: hydrating group 7", "trace_id": "tr", "group_id": 7}
{"timestamp": "2026-06-02 08:37:05,571", "level": "ERROR", "logger": "core.orchestration.rd_manager", "message": "RDManager failed to render board for group 7", "trace_id": "tr", "group_id": 7, "exception": "Traceback (most recent call last):\n  File \"/Users/Nuke/claudeFolder/nuke-ai-collaborator/backend/core/orchestration/rd_manager.py\", line 43, in render_board\n    async with db.execute(\n               ~~~~~~~~~~^\n        \"SELECT ticket_id, title, status FROM tickets WHERE group_id = ? ORDER BY id DESC\",\n        ^^^^^^^^^^^^^^^^^^^^^^^^^^^^^^^^^^^^^^^^^^^^^^^^^^^^^^^^^^^^^^^^^^^^^^^^^^^^^^^^^^^\n        (group_id,)\n        ^^^^^^^^^^^\n    ) as cur:\n    ^\n  File \"/opt/homebrew/lib/python3.13/site-packages/aiosqlite/context.py\", line 39, in __aenter__\n    self._obj = await self._coro\n                ^^^^^^^^^^^^^^^^\n  File \"/opt/homebrew/lib/python3.13/site-packages/aiosqlite/core.py\", line 193, in execute\n    cursor = await self._execute(self._conn.execute, sql, parameters)\n             ^^^^^^^^^^^^^^^^^^^^^^^^^^^^^^^^^^^^^^^^^^^^^^^^^^^^^^^^\n  File \"/opt/homebrew/lib/python3.13/site-packages/aiosqlite/core.py\", line 132, in _execute\n    return await future\n           ^^^^^^^^^^^^\n  File \"/opt/homebrew/lib/python3.13/site-packages/aiosqlite/core.py\", line 115, in run\n    result = function()\nsqlite3.OperationalError: no such table: tickets"}
{"timestamp": "2026-06-02 08:37:05,574", "level": "ERROR", "logger": "runtime.lifecycle", "message": "lifecycle: failed to recover group 7", "trace_id": "tr", "group_id": 7, "exception": "Traceback (most recent call last):\n  File \"/Users/Nuke/claudeFolder/nuke-ai-collaborator/backend/runtime/lifecycle.py\", line 57, in hydrate\n    await runner.resume_workflows(group_id=group_id)\n  File \"/Users/Nuke/claudeFolder/nuke-ai-collaborator/backend/core/runner.py\", line 88, in resume_workflows\n    rows = await workflow_store.load_all_active(group_id=group_id)\n           ^^^^^^^^^^^^^^^^^^^^^^^^^^^^^^^^^^^^^^^^^^^^^^^^^^^^^^^\n  File \"/Users/Nuke/claudeFolder/nuke-ai-collaborator/backend/core/workflow_store.py\", line 46, in load_all_active\n    async with conn.execute(\n               ~~~~~~~~~~~~^\n        \"SELECT * FROM workflow_state WHERE status = 'active'\" + (f\" AND group_id = {group_id}\" if group_id else \"\") + \" ORDER BY group_id ASC\"\n        ^^^^^^^^^^^^^^^^^^^^^^^^^^^^^^^^^^^^^^^^^^^^^^^^^^^^^^^^^^^^^^^^^^^^^^^^^^^^^^^^^^^^^^^^^^^^^^^^^^^^^^^^^^^^^^^^^^^^^^^^^^^^^^^^^^^^^^^\n    ) as cur:\n    ^\n  File \"/opt/homebrew/lib/python3.13/site-packages/aiosqlite/context.py\", line 39, in __aenter__\n    self._obj = await self._coro\n                ^^^^^^^^^^^^^^^^\n  File \"/opt/homebrew/lib/python3.13/site-packages/aiosqlite/core.py\", line 193, in execute\n    cursor = await self._execute(self._conn.execute, sql, parameters)\n             ^^^^^^^^^^^^^^^^^^^^^^^^^^^^^^^^^^^^^^^^^^^^^^^^^^^^^^^^\n  File \"/opt/homebrew/lib/python3.13/site-packages/aiosqlite/core.py\", line 132, in _execute\n    return await future\n           ^^^^^^^^^^^^\n  File \"/opt/homebrew/lib/python3.13/site-packages/aiosqlite/core.py\", line 115, in run\n    result = function()\nsqlite3.OperationalError: no such table: workflow_state"}
{"timestamp": "2026-06-02 08:37:05,583", "level": "INFO", "logger": "runtime.supervisor", "message": "supervisor: worker w0 connected", "trace_id": "-", "group_id": "-"}
{"timestamp": "2026-06-02 08:37:05,615", "level": "INFO", "logger": "httpx", "message": "HTTP Request: GET http://test/api/system/status \"HTTP/1.1 200 OK\"", "trace_id": "-", "group_id": "-"}
{"timestamp": "2026-06-02 08:37:05,664", "level": "WARNING", "logger": "skills.traits", "message": "Trait file not found: /Users/Nuke/claudeFolder/nuke-ai-collaborator/backend/workspaces/system/traits/non_existent.md", "trace_id": "-", "group_id": "-"}
{"timestamp": "2026-06-02 08:37:07,731", "level": "ERROR", "logger": "runtime.worker", "message": "worker w0: upstream send failed, dropping event type=first group=1", "trace_id": "-", "group_id": "-", "exception": "Traceback (most recent call last):\n  File \"/Users/Nuke/claudeFolder/nuke-ai-collaborator/backend/runtime/worker.py\", line 115, in _pump_upstream\n    await ipc.send_msg(self._writer, ipc.protocol.envelope(\n        ipc.protocol.BROADCAST, group_id=gid, payload=payload,\n    ))\n  File \"/Users/Nuke/claudeFolder/nuke-ai-collaborator/backend/tests/test_worker_loop.py\", line 135, in flaky_send\n    raise BrokenPipeError(\"boom\")\nBrokenPipeError: boom"}
{"timestamp": "2026-06-02 08:37:10,889", "level": "INFO", "logger": "core.orchestration.registry", "message": "Registered orchestrator: workflow_v1", "trace_id": "-", "group_id": "-"}
{"timestamp": "2026-06-02 08:37:10,890", "level": "INFO", "logger": "core.orchestration.registry", "message": "Registered orchestrator: round_robin_v1", "trace_id": "-", "group_id": "-"}
{"timestamp": "2026-06-02 08:39:27,744", "level": "INFO", "logger": "runtime.worker", "message": "worker w0: downstream closed", "trace_id": "-", "group_id": "-"}
{"timestamp": "2026-06-02 08:39:27,749", "level": "INFO", "logger": "skills.watcher", "message": "SkillWatcher stopped", "trace_id": "-", "group_id": "-"}
{"timestamp": "2026-06-02 08:39:32,349", "level": "INFO", "logger": "runtime.worker", "message": "worker w0: downstream closed", "trace_id": "-", "group_id": "-"}
{"timestamp": "2026-06-02 08:39:32,355", "level": "INFO", "logger": "skills.watcher", "message": "SkillWatcher stopped", "trace_id": "-", "group_id": "-"}
{"timestamp": "2026-06-02 08:39:38,616", "level": "INFO", "logger": "runtime.worker", "message": "worker w0: downstream closed", "trace_id": "-", "group_id": "-"}
{"timestamp": "2026-06-02 08:39:38,619", "level": "INFO", "logger": "skills.watcher", "message": "SkillWatcher stopped", "trace_id": "-", "group_id": "-"}
{"timestamp": "2026-06-02 08:39:42,883", "level": "INFO", "logger": "runtime.worker", "message": "worker w0: downstream closed", "trace_id": "-", "group_id": "-"}
{"timestamp": "2026-06-02 08:39:42,884", "level": "INFO", "logger": "skills.watcher", "message": "SkillWatcher stopped", "trace_id": "-", "group_id": "-"}
{"timestamp": "2026-06-02 08:39:47,750", "level": "INFO", "logger": "runtime.worker", "message": "worker w0: downstream closed", "trace_id": "-", "group_id": "-"}
{"timestamp": "2026-06-02 08:39:47,752", "level": "INFO", "logger": "skills.watcher", "message": "SkillWatcher stopped", "trace_id": "-", "group_id": "-"}
{"timestamp": "2026-06-02 08:39:53,157", "level": "INFO", "logger": "runtime.worker", "message": "worker w0: downstream closed", "trace_id": "-", "group_id": "-"}
{"timestamp": "2026-06-02 08:39:53,158", "level": "INFO", "logger": "skills.watcher", "message": "SkillWatcher stopped", "trace_id": "-", "group_id": "-"}
{"timestamp": "2026-06-02 08:40:01,769", "level": "INFO", "logger": "runtime.worker", "message": "worker w0: downstream closed", "trace_id": "-", "group_id": "-"}
{"timestamp": "2026-06-02 08:40:01,771", "level": "INFO", "logger": "skills.watcher", "message": "SkillWatcher stopped", "trace_id": "-", "group_id": "-"}
{"timestamp": "2026-06-02 08:40:07,181", "level": "INFO", "logger": "runtime.worker", "message": "worker w0: downstream closed", "trace_id": "-", "group_id": "-"}
{"timestamp": "2026-06-02 08:40:07,184", "level": "INFO", "logger": "skills.watcher", "message": "SkillWatcher stopped", "trace_id": "-", "group_id": "-"}
{"timestamp": "2026-06-02 08:40:11,847", "level": "INFO", "logger": "runtime.worker", "message": "worker w0: downstream closed", "trace_id": "-", "group_id": "-"}
{"timestamp": "2026-06-02 08:40:11,848", "level": "INFO", "logger": "skills.watcher", "message": "SkillWatcher stopped", "trace_id": "-", "group_id": "-"}
{"timestamp": "2026-06-02 08:40:16,924", "level": "INFO", "logger": "runtime.worker", "message": "worker w0: downstream closed", "trace_id": "-", "group_id": "-"}
{"timestamp": "2026-06-02 08:40:16,925", "level": "INFO", "logger": "skills.watcher", "message": "SkillWatcher stopped", "trace_id": "-", "group_id": "-"}
{"timestamp": "2026-06-02 08:40:21,114", "level": "INFO", "logger": "runtime.worker", "message": "worker w0: downstream closed", "trace_id": "-", "group_id": "-"}
{"timestamp": "2026-06-02 08:40:21,115", "level": "INFO", "logger": "skills.watcher", "message": "SkillWatcher stopped", "trace_id": "-", "group_id": "-"}
{"timestamp": "2026-06-02 08:40:27,267", "level": "INFO", "logger": "runtime.worker", "message": "worker w0: downstream closed", "trace_id": "-", "group_id": "-"}
{"timestamp": "2026-06-02 08:40:27,269", "level": "INFO", "logger": "skills.watcher", "message": "SkillWatcher stopped", "trace_id": "-", "group_id": "-"}
{"timestamp": "2026-06-02 08:40:32,957", "level": "INFO", "logger": "runtime.worker", "message": "worker w0: downstream closed", "trace_id": "-", "group_id": "-"}
{"timestamp": "2026-06-02 08:40:32,975", "level": "INFO", "logger": "skills.watcher", "message": "SkillWatcher stopped", "trace_id": "-", "group_id": "-"}
{"timestamp": "2026-06-02 08:40:39,892", "level": "INFO", "logger": "runtime.worker", "message": "worker w0: downstream closed", "trace_id": "-", "group_id": "-"}
{"timestamp": "2026-06-02 08:40:39,895", "level": "INFO", "logger": "skills.watcher", "message": "SkillWatcher stopped", "trace_id": "-", "group_id": "-"}
{"timestamp": "2026-06-02 08:40:43,970", "level": "INFO", "logger": "runtime.worker", "message": "worker w0: downstream closed", "trace_id": "-", "group_id": "-"}
{"timestamp": "2026-06-02 08:40:43,971", "level": "INFO", "logger": "skills.watcher", "message": "SkillWatcher stopped", "trace_id": "-", "group_id": "-"}
{"timestamp": "2026-06-02 08:40:49,336", "level": "INFO", "logger": "runtime.worker", "message": "worker w0: downstream closed", "trace_id": "-", "group_id": "-"}
{"timestamp": "2026-06-02 08:40:49,340", "level": "INFO", "logger": "skills.watcher", "message": "SkillWatcher stopped", "trace_id": "-", "group_id": "-"}
{"timestamp": "2026-06-02 08:41:39,361", "level": "INFO", "logger": "runtime.worker", "message": "worker w0: downstream closed", "trace_id": "-", "group_id": "-"}
{"timestamp": "2026-06-02 08:41:39,366", "level": "INFO", "logger": "skills.watcher", "message": "SkillWatcher stopped", "trace_id": "-", "group_id": "-"}
{"timestamp": "2026-06-02 08:42:37,275", "level": "INFO", "logger": "runtime.worker", "message": "worker w0: downstream closed", "trace_id": "-", "group_id": "-"}
{"timestamp": "2026-06-02 08:42:37,283", "level": "INFO", "logger": "skills.watcher", "message": "SkillWatcher stopped", "trace_id": "-", "group_id": "-"}
{"timestamp": "2026-06-02 08:43:11,776", "level": "INFO", "logger": "runtime.supervisor", "message": "supervisor: worker w0 connected", "trace_id": "-", "group_id": "-"}
{"timestamp": "2026-06-02 08:43:11,794", "level": "INFO", "logger": "runtime.lifecycle", "message": "lifecycle: hydrating group 7", "trace_id": "tr", "group_id": 7}
{"timestamp": "2026-06-02 08:43:11,804", "level": "ERROR", "logger": "core.orchestration.rd_manager", "message": "RDManager failed to render board for group 7", "trace_id": "tr", "group_id": 7, "exception": "Traceback (most recent call last):\n  File \"/Users/Nuke/claudeFolder/nuke-ai-collaborator/backend/core/orchestration/rd_manager.py\", line 43, in render_board\n    async with db.execute(\n               ~~~~~~~~~~^\n        \"SELECT ticket_id, title, status FROM tickets WHERE group_id = ? ORDER BY id DESC\",\n        ^^^^^^^^^^^^^^^^^^^^^^^^^^^^^^^^^^^^^^^^^^^^^^^^^^^^^^^^^^^^^^^^^^^^^^^^^^^^^^^^^^^\n        (group_id,)\n        ^^^^^^^^^^^\n    ) as cur:\n    ^\n  File \"/opt/homebrew/lib/python3.13/site-packages/aiosqlite/context.py\", line 39, in __aenter__\n    self._obj = await self._coro\n                ^^^^^^^^^^^^^^^^\n  File \"/opt/homebrew/lib/python3.13/site-packages/aiosqlite/core.py\", line 193, in execute\n    cursor = await self._execute(self._conn.execute, sql, parameters)\n             ^^^^^^^^^^^^^^^^^^^^^^^^^^^^^^^^^^^^^^^^^^^^^^^^^^^^^^^^\n  File \"/opt/homebrew/lib/python3.13/site-packages/aiosqlite/core.py\", line 132, in _execute\n    return await future\n           ^^^^^^^^^^^^\n  File \"/opt/homebrew/lib/python3.13/site-packages/aiosqlite/core.py\", line 115, in run\n    result = function()\nsqlite3.OperationalError: no such table: tickets"}
{"timestamp": "2026-06-02 08:43:11,807", "level": "ERROR", "logger": "runtime.lifecycle", "message": "lifecycle: failed to recover group 7", "trace_id": "tr", "group_id": 7, "exception": "Traceback (most recent call last):\n  File \"/Users/Nuke/claudeFolder/nuke-ai-collaborator/backend/runtime/lifecycle.py\", line 57, in hydrate\n    await runner.resume_workflows(group_id=group_id)\n  File \"/Users/Nuke/claudeFolder/nuke-ai-collaborator/backend/core/runner.py\", line 88, in resume_workflows\n    rows = await workflow_store.load_all_active(group_id=group_id)\n           ^^^^^^^^^^^^^^^^^^^^^^^^^^^^^^^^^^^^^^^^^^^^^^^^^^^^^^^\n  File \"/Users/Nuke/claudeFolder/nuke-ai-collaborator/backend/core/workflow_store.py\", line 46, in load_all_active\n    async with conn.execute(\n               ~~~~~~~~~~~~^\n        \"SELECT * FROM workflow_state WHERE status = 'active'\" + (f\" AND group_id = {group_id}\" if group_id else \"\") + \" ORDER BY group_id ASC\"\n        ^^^^^^^^^^^^^^^^^^^^^^^^^^^^^^^^^^^^^^^^^^^^^^^^^^^^^^^^^^^^^^^^^^^^^^^^^^^^^^^^^^^^^^^^^^^^^^^^^^^^^^^^^^^^^^^^^^^^^^^^^^^^^^^^^^^^^^^\n    ) as cur:\n    ^\n  File \"/opt/homebrew/lib/python3.13/site-packages/aiosqlite/context.py\", line 39, in __aenter__\n    self._obj = await self._coro\n                ^^^^^^^^^^^^^^^^\n  File \"/opt/homebrew/lib/python3.13/site-packages/aiosqlite/core.py\", line 193, in execute\n    cursor = await self._execute(self._conn.execute, sql, parameters)\n             ^^^^^^^^^^^^^^^^^^^^^^^^^^^^^^^^^^^^^^^^^^^^^^^^^^^^^^^^\n  File \"/opt/homebrew/lib/python3.13/site-packages/aiosqlite/core.py\", line 132, in _execute\n    return await future\n           ^^^^^^^^^^^^\n  File \"/opt/homebrew/lib/python3.13/site-packages/aiosqlite/core.py\", line 115, in run\n    result = function()\nsqlite3.OperationalError: no such table: workflow_state"}
{"timestamp": "2026-06-02 08:43:11,815", "level": "INFO", "logger": "runtime.supervisor", "message": "supervisor: worker w0 connected", "trace_id": "-", "group_id": "-"}
{"timestamp": "2026-06-02 08:43:11,849", "level": "INFO", "logger": "httpx", "message": "HTTP Request: GET http://test/api/system/status \"HTTP/1.1 200 OK\"", "trace_id": "-", "group_id": "-"}
{"timestamp": "2026-06-02 08:43:11,891", "level": "WARNING", "logger": "skills.traits", "message": "Trait file not found: /Users/Nuke/claudeFolder/nuke-ai-collaborator/backend/workspaces/system/traits/non_existent.md", "trace_id": "-", "group_id": "-"}
{"timestamp": "2026-06-02 08:43:13,952", "level": "ERROR", "logger": "runtime.worker", "message": "worker w0: upstream send failed, dropping event type=first group=1", "trace_id": "-", "group_id": "-", "exception": "Traceback (most recent call last):\n  File \"/Users/Nuke/claudeFolder/nuke-ai-collaborator/backend/runtime/worker.py\", line 115, in _pump_upstream\n    await ipc.send_msg(self._writer, ipc.protocol.envelope(\n        ipc.protocol.BROADCAST, group_id=gid, payload=payload,\n    ))\n  File \"/Users/Nuke/claudeFolder/nuke-ai-collaborator/backend/tests/test_worker_loop.py\", line 135, in flaky_send\n    raise BrokenPipeError(\"boom\")\nBrokenPipeError: boom"}
{"timestamp": "2026-06-02 08:43:17,098", "level": "INFO", "logger": "core.orchestration.registry", "message": "Registered orchestrator: workflow_v1", "trace_id": "-", "group_id": "-"}
{"timestamp": "2026-06-02 08:43:17,099", "level": "INFO", "logger": "core.orchestration.registry", "message": "Registered orchestrator: round_robin_v1", "trace_id": "-", "group_id": "-"}
{"timestamp": "2026-06-02 08:43:28,884", "level": "INFO", "logger": "runtime.worker", "message": "worker w0: downstream closed", "trace_id": "-", "group_id": "-"}
{"timestamp": "2026-06-02 08:43:28,887", "level": "INFO", "logger": "skills.watcher", "message": "SkillWatcher stopped", "trace_id": "-", "group_id": "-"}
{"timestamp": "2026-06-02 08:43:44,868", "level": "INFO", "logger": "runtime.supervisor", "message": "supervisor: worker w0 connected", "trace_id": "-", "group_id": "-"}
{"timestamp": "2026-06-02 08:43:44,887", "level": "INFO", "logger": "runtime.lifecycle", "message": "lifecycle: hydrating group 7", "trace_id": "tr", "group_id": 7}
{"timestamp": "2026-06-02 08:43:44,898", "level": "ERROR", "logger": "core.orchestration.rd_manager", "message": "RDManager failed to render board for group 7", "trace_id": "tr", "group_id": 7, "exception": "Traceback (most recent call last):\n  File \"/Users/Nuke/claudeFolder/nuke-ai-collaborator/backend/core/orchestration/rd_manager.py\", line 43, in render_board\n    async with db.execute(\n               ~~~~~~~~~~^\n        \"SELECT ticket_id, title, status FROM tickets WHERE group_id = ? ORDER BY id DESC\",\n        ^^^^^^^^^^^^^^^^^^^^^^^^^^^^^^^^^^^^^^^^^^^^^^^^^^^^^^^^^^^^^^^^^^^^^^^^^^^^^^^^^^^\n        (group_id,)\n        ^^^^^^^^^^^\n    ) as cur:\n    ^\n  File \"/opt/homebrew/lib/python3.13/site-packages/aiosqlite/context.py\", line 39, in __aenter__\n    self._obj = await self._coro\n                ^^^^^^^^^^^^^^^^\n  File \"/opt/homebrew/lib/python3.13/site-packages/aiosqlite/core.py\", line 193, in execute\n    cursor = await self._execute(self._conn.execute, sql, parameters)\n             ^^^^^^^^^^^^^^^^^^^^^^^^^^^^^^^^^^^^^^^^^^^^^^^^^^^^^^^^\n  File \"/opt/homebrew/lib/python3.13/site-packages/aiosqlite/core.py\", line 132, in _execute\n    return await future\n           ^^^^^^^^^^^^\n  File \"/opt/homebrew/lib/python3.13/site-packages/aiosqlite/core.py\", line 115, in run\n    result = function()\nsqlite3.OperationalError: no such table: tickets"}
{"timestamp": "2026-06-02 08:43:44,901", "level": "ERROR", "logger": "runtime.lifecycle", "message": "lifecycle: failed to recover group 7", "trace_id": "tr", "group_id": 7, "exception": "Traceback (most recent call last):\n  File \"/Users/Nuke/claudeFolder/nuke-ai-collaborator/backend/runtime/lifecycle.py\", line 57, in hydrate\n    await runner.resume_workflows(group_id=group_id)\n  File \"/Users/Nuke/claudeFolder/nuke-ai-collaborator/backend/core/runner.py\", line 88, in resume_workflows\n    rows = await workflow_store.load_all_active(group_id=group_id)\n           ^^^^^^^^^^^^^^^^^^^^^^^^^^^^^^^^^^^^^^^^^^^^^^^^^^^^^^^\n  File \"/Users/Nuke/claudeFolder/nuke-ai-collaborator/backend/core/workflow_store.py\", line 46, in load_all_active\n    async with conn.execute(\n               ~~~~~~~~~~~~^\n        \"SELECT * FROM workflow_state WHERE status = 'active'\" + (f\" AND group_id = {group_id}\" if group_id else \"\") + \" ORDER BY group_id ASC\"\n        ^^^^^^^^^^^^^^^^^^^^^^^^^^^^^^^^^^^^^^^^^^^^^^^^^^^^^^^^^^^^^^^^^^^^^^^^^^^^^^^^^^^^^^^^^^^^^^^^^^^^^^^^^^^^^^^^^^^^^^^^^^^^^^^^^^^^^^^\n    ) as cur:\n    ^\n  File \"/opt/homebrew/lib/python3.13/site-packages/aiosqlite/context.py\", line 39, in __aenter__\n    self._obj = await self._coro\n                ^^^^^^^^^^^^^^^^\n  File \"/opt/homebrew/lib/python3.13/site-packages/aiosqlite/core.py\", line 193, in execute\n    cursor = await self._execute(self._conn.execute, sql, parameters)\n             ^^^^^^^^^^^^^^^^^^^^^^^^^^^^^^^^^^^^^^^^^^^^^^^^^^^^^^^^\n  File \"/opt/homebrew/lib/python3.13/site-packages/aiosqlite/core.py\", line 132, in _execute\n    return await future\n           ^^^^^^^^^^^^\n  File \"/opt/homebrew/lib/python3.13/site-packages/aiosqlite/core.py\", line 115, in run\n    result = function()\nsqlite3.OperationalError: no such table: workflow_state"}
{"timestamp": "2026-06-02 08:43:44,908", "level": "INFO", "logger": "runtime.supervisor", "message": "supervisor: worker w0 connected", "trace_id": "-", "group_id": "-"}
{"timestamp": "2026-06-02 08:43:44,936", "level": "INFO", "logger": "httpx", "message": "HTTP Request: GET http://test/api/system/status \"HTTP/1.1 200 OK\"", "trace_id": "-", "group_id": "-"}
{"timestamp": "2026-06-02 08:43:44,980", "level": "WARNING", "logger": "skills.traits", "message": "Trait file not found: /Users/Nuke/claudeFolder/nuke-ai-collaborator/backend/workspaces/system/traits/non_existent.md", "trace_id": "-", "group_id": "-"}
{"timestamp": "2026-06-02 08:43:47,038", "level": "ERROR", "logger": "runtime.worker", "message": "worker w0: upstream send failed, dropping event type=first group=1", "trace_id": "-", "group_id": "-", "exception": "Traceback (most recent call last):\n  File \"/Users/Nuke/claudeFolder/nuke-ai-collaborator/backend/runtime/worker.py\", line 115, in _pump_upstream\n    await ipc.send_msg(self._writer, ipc.protocol.envelope(\n        ipc.protocol.BROADCAST, group_id=gid, payload=payload,\n    ))\n  File \"/Users/Nuke/claudeFolder/nuke-ai-collaborator/backend/tests/test_worker_loop.py\", line 135, in flaky_send\n    raise BrokenPipeError(\"boom\")\nBrokenPipeError: boom"}
{"timestamp": "2026-06-02 08:43:50,186", "level": "INFO", "logger": "core.orchestration.registry", "message": "Registered orchestrator: workflow_v1", "trace_id": "-", "group_id": "-"}
{"timestamp": "2026-06-02 08:43:50,187", "level": "INFO", "logger": "core.orchestration.registry", "message": "Registered orchestrator: round_robin_v1", "trace_id": "-", "group_id": "-"}
{"timestamp": "2026-06-02 08:43:52,193", "level": "INFO", "logger": "runtime.worker", "message": "worker w0: downstream closed", "trace_id": "-", "group_id": "-"}
{"timestamp": "2026-06-02 08:43:52,196", "level": "INFO", "logger": "skills.watcher", "message": "SkillWatcher stopped", "trace_id": "-", "group_id": "-"}
{"timestamp": "2026-06-02 08:45:41,703", "level": "INFO", "logger": "runtime.worker", "message": "worker w0: downstream closed", "trace_id": "-", "group_id": "-"}
{"timestamp": "2026-06-02 08:45:41,710", "level": "INFO", "logger": "skills.watcher", "message": "SkillWatcher stopped", "trace_id": "-", "group_id": "-"}
{"timestamp": "2026-06-02 08:45:43,754", "level": "INFO", "logger": "skills.watcher", "message": "SkillWatcher stopped", "trace_id": "-", "group_id": "-"}
{"timestamp": "2026-06-02 08:45:45,275", "level": "INFO", "logger": "skills.watcher", "message": "SkillWatcher stopped", "trace_id": "-", "group_id": "-"}
{"timestamp": "2026-06-02 08:45:50,394", "level": "INFO", "logger": "runtime.worker", "message": "worker w0: downstream closed", "trace_id": "-", "group_id": "-"}
{"timestamp": "2026-06-02 08:45:50,395", "level": "INFO", "logger": "skills.watcher", "message": "SkillWatcher stopped", "trace_id": "-", "group_id": "-"}
{"timestamp": "2026-06-02 08:45:54,671", "level": "INFO", "logger": "runtime.worker", "message": "worker w0: downstream closed", "trace_id": "-", "group_id": "-"}
{"timestamp": "2026-06-02 08:45:54,673", "level": "INFO", "logger": "skills.watcher", "message": "SkillWatcher stopped", "trace_id": "-", "group_id": "-"}
{"timestamp": "2026-06-02 08:46:07,533", "level": "INFO", "logger": "runtime.worker", "message": "worker w0: downstream closed", "trace_id": "-", "group_id": "-"}
{"timestamp": "2026-06-02 08:46:07,536", "level": "INFO", "logger": "skills.watcher", "message": "SkillWatcher stopped", "trace_id": "-", "group_id": "-"}
{"timestamp": "2026-06-02 08:46:36,460", "level": "INFO", "logger": "runtime.worker", "message": "worker w0: downstream closed", "trace_id": "-", "group_id": "-"}
{"timestamp": "2026-06-02 08:46:36,462", "level": "INFO", "logger": "skills.watcher", "message": "SkillWatcher stopped", "trace_id": "-", "group_id": "-"}
{"timestamp": "2026-06-02 08:46:52,356", "level": "INFO", "logger": "runtime.worker", "message": "worker w0: downstream closed", "trace_id": "-", "group_id": "-"}
{"timestamp": "2026-06-02 08:46:52,357", "level": "INFO", "logger": "skills.watcher", "message": "SkillWatcher stopped", "trace_id": "-", "group_id": "-"}
